Resolving dependencies...
Downloading packages...
  _fe_analyzer_shared 67.0.0 (93.0.0 available)
  _flutterfire_internals 1.3.35 (1.3.66 available)
  analyzer 6.4.1 (10.0.1 available)
  build 2.4.1 (4.0.4 available)
  build_config 1.1.2 (1.2.0 available)
  build_resolvers 2.4.2 (3.0.4 available)
  build_runner 2.4.13 (2.10.5 available)
  build_runner_core 7.3.2 (9.3.2 available)
  characters 1.4.0 (1.4.1 available)
  cloud_firestore 4.17.5 (6.1.2 available)
  cloud_firestore_platform_interface 6.2.5 (7.0.6 available)
  cloud_firestore_web 3.12.5 (5.1.2 available)
  code_assets 0.19.10 (1.0.0 available)
  connectivity_plus 5.0.2 (7.0.0 available)
  connectivity_plus_platform_interface 1.2.4 (2.0.1 available)
  dart_style 2.3.6 (3.1.4 available)
  firebase_analytics 10.10.7 (12.1.1 available)
  firebase_analytics_platform_interface 3.10.8 (5.0.6 available)
  firebase_analytics_web 0.5.7+7 (0.6.1+2 available)
  firebase_auth 4.16.0 (6.1.4 available)
  firebase_auth_platform_interface 7.3.0 (8.1.6 available)
  firebase_auth_web 5.8.13 (6.1.2 available)
  firebase_core 2.32.0 (4.4.0 available)
  firebase_core_platform_interface 5.4.2 (6.0.2 available)
  firebase_core_web 2.24.0 (3.4.0 available)
  fl_chart 0.66.2 (1.1.1 available)
  flutter_dotenv 5.2.1 (6.0.0 available)
  flutter_local_notifications 17.2.4 (20.0.0 available)
  flutter_local_notifications_linux 4.0.1 (7.0.0 available)
  flutter_local_notifications_platform_interface 7.2.0 (10.0.0 available)
  google_sign_in 6.3.0 (7.2.0 available)
  google_sign_in_android 6.2.1 (7.2.7 available)
  google_sign_in_ios 5.9.0 (6.2.5 available)
  google_sign_in_platform_interface 2.5.0 (3.1.0 available)
  google_sign_in_web 0.12.4+4 (1.1.0 available)
  hooks 0.20.5 (1.0.0 available)
  image 4.5.4 (4.7.2 available)
  image_picker_android 0.8.13+10 (0.8.13+13 available)
  js 0.6.7 (0.7.2 available)
  matcher 0.12.17 (0.12.18 available)
  material_color_utilities 0.11.1 (0.13.0 available)
  meta 1.17.0 (1.18.0 available)
  native_toolchain_c 0.17.2 (0.17.4 available)
  objective_c 9.2.2 (9.2.4 available)
  permission_handler 11.4.0 (12.0.1 available)
  permission_handler_android 12.1.0 (13.0.1 available)
  shelf_web_socket 2.0.1 (3.0.0 available)
  source_gen 1.5.0 (4.2.0 available)
  source_helper 1.3.5 (1.3.10 available)
  test_api 0.7.7 (0.7.9 available)
  timezone 0.9.4 (0.11.0 available)
Got dependencies!
51 packages have newer versions incompatible with dependency constraints.
Try `flutter pub outdated` for more information.
Running Gradle task 'assembleDebug'...                          
flutter : lib/firebase_options.dart:24:18: Error: Member not found: 'isWeb'.
At line:1 char:69
+ ... \breedly" ; flutter build apk --debug 2>&1 > build_output.txt; Get-Co ...
+                 ~~~~~~~~~~~~~~~~~~~~~~~~~~~~~~~~~~~~~~~~~~~~~~~~~
    + CategoryInfo          : NotSpecified: (lib/firebase_op...found: 'isWeb'.:String) [], RemoteE 
   xception
    + FullyQualifiedErrorId : NativeCommandError
 
    if (Platform.isWeb) {
                 ^^^^^
Target kernel_snapshot_program failed: Exception


FAILURE: Build failed with an exception.

* What went wrong:
Execution failed for task ':app:compileFlutterBuildDebug'.
> Process 'command 'C:\Users\Kjetil\Desktop\flutter\bin\flutter.bat'' finished with non-zero exit v
alue 1

* Try:
> Run with --stacktrace option to get the stack trace.
> Run with --info or --debug option to get more log output.
> Run with --scan to get full insights.
> Get more help at https://help.gradle.org.

BUILD FAILED in 19s
Running Gradle task 'assembleDebug'...                             20,1s
Gradle task assembleDebug failed with exit code 1
